> Task :app:preBuild UP-TO-DATE
> Task :app:preDebugBuild UP-TO-DATE
> Task :app:mergeDebugNativeDebugMetadata NO-SOURCE
> Task :app:dataBindingMergeDependencyArtifactsDebug UP-TO-DATE
> Task :app:generateDebugResources UP-TO-DATE
> Task :app:processDebugGoogleServices UP-TO-DATE
> Task :app:mergeDebugResources UP-TO-DATE
> Task :app:packageDebugResources UP-TO-DATE
> Task :app:processDebugNavigationResources UP-TO-DATE
> Task :app:parseDebugLocalResources UP-TO-DATE
> Task :app:dataBindingGenBaseClassesDebug UP-TO-DATE
> Task :app:generateDebugRFile UP-TO-DATE
> Task :app:javaPreCompileDebug UP-TO-DATE
> Task :app:generateDebugAssets UP-TO-DATE
> Task :app:mergeDebugAssets UP-TO-DATE
> Task :app:compressDebugAssets UP-TO-DATE
> Task :app:checkDebugDuplicateClasses UP-TO-DATE
> Task :app:desugarDebugFileDependencies UP-TO-DATE
> Task :app:mergeExtDexDebug UP-TO-DATE
> Task :app:mergeLibDexDebug UP-TO-DATE
> Task :app:checkDebugAarMetadata UP-TO-DATE
> Task :app:compileDebugNavigationResources UP-TO-DATE
> Task :app:mapDebugSourceSetPaths UP-TO-DATE
> Task :app:createDebugCompatibleScreenManifests UP-TO-DATE
> Task :app:extractDeepLinksDebug UP-TO-DATE
> Task :app:processDebugMainManifest UP-TO-DATE
> Task :app:processDebugManifest UP-TO-DATE
> Task :app:processDebugManifestForPackage UP-TO-DATE
> Task :app:processDebugResources UP-TO-DATE
> Task :app:mergeDebugJniLibFolders UP-TO-DATE
> Task :app:mergeDebugNativeLibs NO-SOURCE
> Task :app:stripDebugDebugSymbols NO-SOURCE
> Task :app:validateSigningDebug UP-TO-DATE
> Task :app:writeDebugAppMetadata UP-TO-DATE
> Task :app:writeDebugSigningConfigVersions UP-TO-DATE

> Task :app:compileDebugKotlin FAILED
./gradlew : e: file:///D:/STUDY%20MATERIAL/DATA
%20FILES/PROJECTS/Android/SwapSabha_Proj/app/sr
c/main/java/com/skillswap/app/ui/profile/Profil
eFragment.kt:85:24 None of the following 
candidates is applicable:
At line:1 char:1
+ ./gradlew assembleDebug --console=plain > 
build_error.log 2>&1 ; Get- ...
+ ~~~~~~~~~~~~~~~~~~~~~~~~~~~~~~~~~~~~~~~~~~~~~
~~~~~~~~~~~~~~~~~
    + CategoryInfo          : NotSpecified: (e 
   : file:///D:/S... is applicable::String) [  
  ], RemoteException
    + FullyQualifiedErrorId : NativeCommandErr 
   or
 
fun putExtra(p0: String!, p1: Bundle?): Intent
fun putExtra(p0: String!, p1: Parcelable?): 
Intent
fun putExtra(p0: String!, p1: Array<(out) 
Parcelable!>?): Intent
fun putExtra(p0: String!, p1: Boolean): Intent
fun putExtra(p0: String!, p1: BooleanArray?): 
Intent
fun putExtra(p0: String!, p1: Byte): Intent
fun putExtra(p0: String!, p1: ByteArray?): 
Intent
fun putExtra(p0: String!, p1: Char): Intent
fun putExtra(p0: String!, p1: CharArray?): 
Intent
fun putExtra(p0: String!, p1: Double): Intent
fun putExtra(p0: String!, p1: DoubleArray?): 
Intent
fun putExtra(p0: String!, p1: Float): Intent
fun putExtra(p0: String!, p1: FloatArray?): 
Intent
fun putExtra(p0: String!, p1: Int): Intent
fun putExtra(p0: String!, p1: IntArray?): 
Intent
fun putExtra(p0: String!, p1: Serializable?): 
Intent
fun putExtra(p0: String!, p1: CharSequence?): 
Intent
fun putExtra(p0: String!, p1: Array<(out) 
CharSequence!>?): Intent
fun putExtra(p0: String!, p1: String?): Intent
fun putExtra(p0: String!, p1: Array<(out) 
String!>?): Intent
fun putExtra(p0: String!, p1: Long): Intent
fun putExtra(p0: String!, p1: LongArray?): 
Intent
fun putExtra(p0: String!, p1: Short): Intent
fun putExtra(p0: String!, p1: ShortArray?): 
Intent

FAILURE: Build failed with an exception.

* What went wrong:
Execution failed for task 
':app:compileDebugKotlin'.
> A failure occurred while executing org.jetbra
ins.kotlin.compilerRunner.GradleCompilerRunnerW
ithWorkers$GradleKotlinCompilerWorkAction
   > Compilation error. See log for more 
details

* Try:
> Run with --stacktrace option to get the 
stack trace.
> Run with --info or --debug option to get 
more log output.
> Run with --scan to generate a Build Scan 
(powered by Develocity).
> Get more help at https://help.gradle.org.

BUILD FAILED in 7s
30 actionable tasks: 1 executed, 29 up-to-date
